Security port scan on Linux box
-------------------------------

[ec2-user@ip-33-44-55-66 ~]$ sudo su
[root@ip-33-44-55-66 ec2-user]# nmap -s T -O localhost
bash: nmap: command not found
[root@ip-33-44-55-66 ec2-user]# nmap -s T -O localhost^C
[root@ip-33-44-55-66 ec2-user]# yum install -y nmap
Loaded plugins: priorities, update-motd, upgrade-helper
amzn-main/latest                                                                                                                                                                    | 2.1 kB     00:00
amzn-updates/latest                                                                                                                                                                 | 2.3 kB     00:00
Resolving Dependencies
--> Running transaction check
---> Package nmap.x86_64 2:6.40-7.19.amzn1 will be installed
--> Processing Dependency: nmap-ncat = 2:6.40-7.19.amzn1 for package: 2:nmap-6.40-7.19.amzn1.x86_64
--> Processing Dependency: libpcap.so.1()(64bit) for package: 2:nmap-6.40-7.19.amzn1.x86_64
--> Running transaction check
---> Package libpcap.x86_64 14:1.4.0-1.20130826git2dbcaa1.10.amzn1 will be installed
---> Package nmap-ncat.x86_64 2:6.40-7.19.amzn1 will be installed
--> Finished Dependency Resolution

Dependencies Resolved

===========================================================================================================================================================================================================
 Package                                   Arch                                   Version                                                                  Repository                                 Size
===========================================================================================================================================================================================================
Installing:
 nmap                                      x86_64                                 2:6.40-7.19.amzn1                                                        amzn-main                                 4.4 M
Installing for dependencies:
 libpcap                                   x86_64                                 14:1.4.0-1.20130826git2dbcaa1.10.amzn1                                   amzn-main                                 144 k
 nmap-ncat                                 x86_64                                 2:6.40-7.19.amzn1                                                        amzn-main                                 206 k

Transaction Summary
===========================================================================================================================================================================================================
Install  1 Package (+2 Dependent packages)

Total download size: 4.7 M
Installed size: 17 M
Downloading packages:
(1/3): libpcap-1.4.0-1.20130826git2dbcaa1.10.amzn1.x86_64.rpm                                                                                                                       | 144 kB     00:00
(2/3): nmap-6.40-7.19.amzn1.x86_64.rpm                                                                                                                                              | 4.4 MB     00:00
(3/3): nmap-ncat-6.40-7.19.amzn1.x86_64.rpm                                                                                                                                         | 206 kB     00:00
-----------------------------------------------------------------------------------------------------------------------------------------------------------------------------------------------------------
Total                                                                                                                                                                       25 MB/s | 4.7 MB  00:00:00
Running transaction check
Running transaction test
Transaction test succeeded
Running transaction
  Installing : 14:libpcap-1.4.0-1.20130826git2dbcaa1.10.amzn1.x86_64                                                                                                                                   1/3
  Installing : 2:nmap-ncat-6.40-7.19.amzn1.x86_64                                                                                                                                                      2/3
  Installing : 2:nmap-6.40-7.19.amzn1.x86_64                                                                                                                                                           3/3
  Verifying  : 2:nmap-ncat-6.40-7.19.amzn1.x86_64                                                                                                                                                      1/3
  Verifying  : 2:nmap-6.40-7.19.amzn1.x86_64                                                                                                                                                           2/3
  Verifying  : 14:libpcap-1.4.0-1.20130826git2dbcaa1.10.amzn1.x86_64                                                                                                                                   3/3

Installed:
  nmap.x86_64 2:6.40-7.19.amzn1

Dependency Installed:
  libpcap.x86_64 14:1.4.0-1.20130826git2dbcaa1.10.amzn1                                                         nmap-ncat.x86_64 2:6.40-7.19.amzn1

Complete!
[root@ip-33-44-55-66 ec2-user]# nmap -s T -O localhost

Starting Nmap 6.40 ( http://nmap.org ) at 2016-10-18 17:00 UTC
Nmap scan report for localhost (127.0.0.1)
Host is up (0.000034s latency).
Not shown: 990 closed ports
PORT     STATE SERVICE
22/tcp   open  ssh
25/tcp   open  smtp
111/tcp  open  rpcbind
1010/tcp open  surf
1050/tcp open  java-or-OTGfileshare
1060/tcp open  polestar
1070/tcp open  gmrupdateserv
1080/tcp open  socks
1090/tcp open  ff-fms
8081/tcp open  blackice-icecap
No exact OS matches for host (If you know what OS is running on it, see http://nmap.org/submit/ ).
TCP/IP fingerprint:
OS:SCAN(V=6.40%E=4%D=10/18%OT=22%CT=1%CU=36140%PV=N%DS=0%DC=L%G=Y%TM=580655
OS:52%P=x86_64-redhat-linux-gnu)SEQ(SP=105%GCD=1%ISR=10A%TI=Z%CI=I%II=I%TS=
OS:8)OPS(O1=MFFD7ST11NW7%O2=MFFD7ST11NW7%O3=MFFD7NNT11NW7%O4=MFFD7ST11NW7%O
OS:5=MFFD7ST11NW7%O6=MFFD7ST11)WIN(W1=AAAA%W2=AAAA%W3=AAAA%W4=AAAA%W5=AAAA%
OS:W6=AAAA)ECN(R=Y%DF=Y%T=FF%W=AAAA%O=MFFD7NNSNW7%CC=Y%Q=)T1(R=Y%DF=Y%T=FF%
OS:S=O%A=S+%F=AS%RD=0%Q=)T2(R=N)T3(R=N)T4(R=Y%DF=Y%T=FF%W=0%S=A%A=Z%F=R%O=%
OS:RD=0%Q=)T5(R=Y%DF=Y%T=FF%W=0%S=Z%A=S+%F=AR%O=%RD=0%Q=)T6(R=Y%DF=Y%T=FF%W
OS:=0%S=A%A=Z%F=R%O=%RD=0%Q=)T7(R=Y%DF=Y%T=FF%W=0%S=Z%A=S+%F=AR%O=%RD=0%Q=)
OS:U1(R=Y%DF=N%T=FF%IPL=164%UN=0%RIPL=G%RID=G%RIPCK=G%RUCK=G%RUD=G)IE(R=Y%D
OS:FI=N%T=FF%CD=S)

Network Distance: 0 hops

OS detection performed. Please report any incorrect results at http://nmap.org/submit/ .
Nmap done: 1 IP address (1 host up) scanned in 11.75 seconds
[root@ip-33-44-55-66 ec2-user]#
